// Jest Snapshot v1, https://goo.gl/fbAQLP

exports[`renders learn react link 1`] = `
<div
  className="App"
>
  <header
    className="App-header"
  >
    <img
      alt="logo"
      className="App-logo"
      src={
        Object {
          "default": Object {},
        }
      }
    />
    <h1>
      welcome to react-static starter kit
    </h1>
    <p>
      Edit 
      <code>
        src/App.js
      </code>
       and save to reload.
    </p>
    <span>
      Learn
       
      <a
        className="App-link"
        href="https://reactjs.org"
        rel="noopener noreferrer"
        target="_blank"
      >
        React
      </a>
       
      and
       
      <a
        className="App-link"
        href="https://react-static.js.org"
        rel="noopener noreferrer"
        target="_blank"
      >
        React Static
      </a>
    </span>
  </header>
</div>
`;
